
> tresor-boutique-frontend@1.0.0 start
> ng serve --open --host 127.0.0.1 --port 4300 --open=false

Initial chunk files | Names         |  Raw size | Estimated transfer size
main.js             | main          | 183.79 kB |                23.90 kB
styles.css          | styles        |  12.84 kB |                 2.92 kB

                    | Initial total | 196.63 kB |                26.82 kB

Application bundle generation complete. [16.231 seconds]

Watch mode enabled. Watching for file changes...
  ➜  Local:   http://127.0.0.1:4300/
Initial chunk files | Names |  Raw size | Estimated transfer size
main.js             | main  | 184.03 kB |                23.92 kB

Application bundle generation complete. [5.251 seconds]

Page reload sent to client(s).
Initial chunk files | Names |  Raw size | Estimated transfer size
main.js             | main  | 197.80 kB |                25.53 kB

Application bundle generation complete. [3.443 seconds]

Page reload sent to client(s).
Initial chunk files | Names |  Raw size | Estimated transfer size
main.js             | main  | 199.85 kB |                25.76 kB

Application bundle generation complete. [2.180 seconds]

Page reload sent to client(s).
Initial chunk files | Names |  Raw size | Estimated transfer size
main.js             | main  | 199.91 kB |                25.75 kB

Application bundle generation complete. [2.350 seconds]

Page reload sent to client(s).
Initial chunk files | Names |  Raw size | Estimated transfer size
main.js             | main  | 203.66 kB |                26.03 kB

Application bundle generation complete. [1.700 seconds]

Page reload sent to client(s).
Initial chunk files | Names |  Raw size | Estimated transfer size
main.js             | main  | 203.68 kB |                26.06 kB

Application bundle generation complete. [2.271 seconds]

Page reload sent to client(s).
Initial chunk files | Names |  Raw size | Estimated transfer size
main.js             | main  | 203.92 kB |                26.07 kB

Application bundle generation complete. [1.477 seconds]

Page reload sent to client(s).
Initial chunk files | Names |  Raw size | Estimated transfer size
main.js             | main  | 193.24 kB |                25.07 kB

Application bundle generation complete. [1.642 seconds]

Page reload sent to client(s).
Initial chunk files | Names |  Raw size | Estimated transfer size
main.js             | main  | 193.67 kB |                25.15 kB

Application bundle generation complete. [1.639 seconds]

Page reload sent to client(s).
Initial chunk files | Names |  Raw size | Estimated transfer size
main.js             | main  | 195.05 kB |                25.46 kB

Application bundle generation complete. [1.663 seconds]

Page reload sent to client(s).
Initial chunk files | Names  | Raw size | Estimated transfer size
styles.css          | styles | 13.48 kB |                 3.08 kB

Application bundle generation complete. [1.466 seconds]

HMR update sent to client(s).
Initial chunk files | Names |  Raw size | Estimated transfer size
main.js             | main  | 195.06 kB |                25.50 kB

Application bundle generation complete. [1.431 seconds]

Page reload sent to client(s).
Initial chunk files | Names  | Raw size | Estimated transfer size
styles.css          | styles | 13.60 kB |                 3.10 kB

Application bundle generation complete. [1.246 seconds]

HMR update sent to client(s).
Initial chunk files | Names |  Raw size | Estimated transfer size
main.js             | main  | 201.18 kB |                26.11 kB

Application bundle generation complete. [2.206 seconds]

Page reload sent to client(s).
Initial chunk files | Names  | Raw size | Estimated transfer size
styles.css          | styles | 14.09 kB |                 3.18 kB

Application bundle generation complete. [2.104 seconds]

HMR update sent to client(s).
Initial chunk files | Names |  Raw size | Estimated transfer size
main.js             | main  | 201.25 kB |                26.15 kB

Application bundle generation complete. [7.056 seconds]

Page reload sent to client(s).
Initial chunk files | Names |  Raw size | Estimated transfer size
main.js             | main  | 203.31 kB |                26.38 kB

Application bundle generation complete. [6.231 seconds]

Page reload sent to client(s).
Initial chunk files | Names |  Raw size | Estimated transfer size
main.js             | main  | 215.60 kB |                27.35 kB

Application bundle generation complete. [2.057 seconds]

Page reload sent to client(s).
Initial chunk files | Names  | Raw size | Estimated transfer size
styles.css          | styles | 14.19 kB |                 3.21 kB

Application bundle generation complete. [1.783 seconds]

HMR update sent to client(s).
Initial chunk files | Names |  Raw size | Estimated transfer size
main.js             | main  | 203.31 kB |                26.38 kB

Application bundle generation complete. [1.898 seconds]

Page reload sent to client(s).
Initial chunk files | Names  | Raw size | Estimated transfer size
styles.css          | styles | 14.09 kB |                 3.18 kB

Application bundle generation complete. [1.268 seconds]

HMR update sent to client(s).
Initial chunk files | Names |  Raw size | Estimated transfer size
main.js             | main  | 209.86 kB |                27.24 kB

Application bundle generation complete. [2.416 seconds]

Page reload sent to client(s).
Initial chunk files | Names  | Raw size | Estimated transfer size
styles.css          | styles | 14.50 kB |                 3.24 kB

Application bundle generation complete. [1.892 seconds]

HMR update sent to client(s).
Initial chunk files | Names |  Raw size | Estimated transfer size
main.js             | main  | 210.05 kB |                27.26 kB

Application bundle generation complete. [3.547 seconds]

Page reload sent to client(s).
Initial chunk files | Names |  Raw size | Estimated transfer size
main.js             | main  | 228.92 kB |                29.86 kB

Application bundle generation complete. [2.716 seconds]

Page reload sent to client(s).
Initial chunk files | Names |  Raw size | Estimated transfer size
main.js             | main  | 229.27 kB |                29.93 kB

Application bundle generation complete. [1.334 seconds]

Page reload sent to client(s).
Initial chunk files | Names  | Raw size | Estimated transfer size
styles.css          | styles | 18.57 kB |                 3.98 kB

Application bundle generation complete. [2.321 seconds]

HMR update sent to client(s).
